Archive member included to satisfy reference by file (symbol)

d:/gnu_tools/gnu arm embedded toolchain/10 2021.10/bin/../lib/gcc/arm-none-eabi/10.3.1/../../../../arm-none-eabi/lib/thumb/v7e-m+fp/hard\libc_nano.a(lib_a-exit.o)
                              d:/gnu_tools/gnu arm embedded toolchain/10 2021.10/bin/../lib/gcc/arm-none-eabi/10.3.1/../../../../arm-none-eabi/lib/thumb/v7e-m+fp/hard/crt0.o (exit)
d:/gnu_tools/gnu arm embedded toolchain/10 2021.10/bin/../lib/gcc/arm-none-eabi/10.3.1/../../../../arm-none-eabi/lib/thumb/v7e-m+fp/hard\libc_nano.a(lib_a-impure.o)
                              d:/gnu_tools/gnu arm embedded toolchain/10 2021.10/bin/../lib/gcc/arm-none-eabi/10.3.1/../../../../arm-none-eabi/lib/thumb/v7e-m+fp/hard\libc_nano.a(lib_a-exit.o) (_global_impure_ptr)
d:/gnu_tools/gnu arm embedded toolchain/10 2021.10/bin/../lib/gcc/arm-none-eabi/10.3.1/../../../../arm-none-eabi/lib/thumb/v7e-m+fp/hard\libc_nano.a(lib_a-init.o)
                              d:/gnu_tools/gnu arm embedded toolchain/10 2021.10/bin/../lib/gcc/arm-none-eabi/10.3.1/../../../../arm-none-eabi/lib/thumb/v7e-m+fp/hard/crt0.o (__libc_init_array)
d:/gnu_tools/gnu arm embedded toolchain/10 2021.10/bin/../lib/gcc/arm-none-eabi/10.3.1/../../../../arm-none-eabi/lib/thumb/v7e-m+fp/hard\libc_nano.a(lib_a-memset.o)
                              d:/gnu_tools/gnu arm embedded toolchain/10 2021.10/bin/../lib/gcc/arm-none-eabi/10.3.1/../../../../arm-none-eabi/lib/thumb/v7e-m+fp/hard/crt0.o (memset)
d:/gnu_tools/gnu arm embedded toolchain/10 2021.10/bin/../lib/gcc/arm-none-eabi/10.3.1/../../../../arm-none-eabi/lib/thumb/v7e-m+fp/hard\libnosys.a(_exit.o)
                              d:/gnu_tools/gnu arm embedded toolchain/10 2021.10/bin/../lib/gcc/arm-none-eabi/10.3.1/../../../../arm-none-eabi/lib/thumb/v7e-m+fp/hard\libc_nano.a(lib_a-exit.o) (_exit)

Discarded input sections

 .text          0x00000000        0x0 d:/gnu_tools/gnu arm embedded toolchain/10 2021.10/bin/../lib/gcc/arm-none-eabi/10.3.1/thumb/v7e-m+fp/hard/crti.o
 .data          0x00000000        0x0 d:/gnu_tools/gnu arm embedded toolchain/10 2021.10/bin/../lib/gcc/arm-none-eabi/10.3.1/thumb/v7e-m+fp/hard/crti.o
 .bss           0x00000000        0x0 d:/gnu_tools/gnu arm embedded toolchain/10 2021.10/bin/../lib/gcc/arm-none-eabi/10.3.1/thumb/v7e-m+fp/hard/crti.o
 .text          0x00000000       0x40 d:/gnu_tools/gnu arm embedded toolchain/10 2021.10/bin/../lib/gcc/arm-none-eabi/10.3.1/thumb/v7e-m+fp/hard/crtbegin.o
 .data          0x00000000        0x4 d:/gnu_tools/gnu arm embedded toolchain/10 2021.10/bin/../lib/gcc/arm-none-eabi/10.3.1/thumb/v7e-m+fp/hard/crtbegin.o
 .bss           0x00000000       0x1c d:/gnu_tools/gnu arm embedded toolchain/10 2021.10/bin/../lib/gcc/arm-none-eabi/10.3.1/thumb/v7e-m+fp/hard/crtbegin.o
 .rodata        0x00000000       0x24 d:/gnu_tools/gnu arm embedded toolchain/10 2021.10/bin/../lib/gcc/arm-none-eabi/10.3.1/thumb/v7e-m+fp/hard/crtbegin.o
 .init_array    0x00000000        0x4 d:/gnu_tools/gnu arm embedded toolchain/10 2021.10/bin/../lib/gcc/arm-none-eabi/10.3.1/thumb/v7e-m+fp/hard/crtbegin.o
 .fini_array    0x00000000        0x4 d:/gnu_tools/gnu arm embedded toolchain/10 2021.10/bin/../lib/gcc/arm-none-eabi/10.3.1/thumb/v7e-m+fp/hard/crtbegin.o
 .eh_frame      0x00000000        0x0 d:/gnu_tools/gnu arm embedded toolchain/10 2021.10/bin/../lib/gcc/arm-none-eabi/10.3.1/thumb/v7e-m+fp/hard/crtbegin.o
 .ARM.attributes
                0x00000000       0x34 d:/gnu_tools/gnu arm embedded toolchain/10 2021.10/bin/../lib/gcc/arm-none-eabi/10.3.1/thumb/v7e-m+fp/hard/crtbegin.o
 .text          0x00000000       0x7c d:/gnu_tools/gnu arm embedded toolchain/10 2021.10/bin/../lib/gcc/arm-none-eabi/10.3.1/../../../../arm-none-eabi/lib/thumb/v7e-m+fp/hard/crt0.o
 .data          0x00000000        0x0 d:/gnu_tools/gnu arm embedded toolchain/10 2021.10/bin/../lib/gcc/arm-none-eabi/10.3.1/../../../../arm-none-eabi/lib/thumb/v7e-m+fp/hard/crt0.o
 .bss           0x00000000        0x0 d:/gnu_tools/gnu arm embedded toolchain/10 2021.10/bin/../lib/gcc/arm-none-eabi/10.3.1/../../../../arm-none-eabi/lib/thumb/v7e-m+fp/hard/crt0.o
 .ARM.extab     0x00000000        0x0 d:/gnu_tools/gnu arm embedded toolchain/10 2021.10/bin/../lib/gcc/arm-none-eabi/10.3.1/../../../../arm-none-eabi/lib/thumb/v7e-m+fp/hard/crt0.o
 .ARM.exidx     0x00000000       0x10 d:/gnu_tools/gnu arm embedded toolchain/10 2021.10/bin/../lib/gcc/arm-none-eabi/10.3.1/../../../../arm-none-eabi/lib/thumb/v7e-m+fp/hard/crt0.o
 .ARM.attributes
                0x00000000       0x1c d:/gnu_tools/gnu arm embedded toolchain/10 2021.10/bin/../lib/gcc/arm-none-eabi/10.3.1/../../../../arm-none-eabi/lib/thumb/v7e-m+fp/hard/crt0.o
 .text          0x00000000        0x0 .build/main.o
 .data          0x00000000        0x0 .build/main.o
 .bss           0x00000000        0x0 .build/main.o
 .text          0x00000000        0x0 .build/osKernal.o
 .data          0x00000000        0x0 .build/osKernal.o
 .bss           0x00000000        0x0 .build/osKernal.o
 .text          0x00000000       0x14 .build/startup_stm32f407xx.o
 .data          0x00000000        0x0 .build/startup_stm32f407xx.o
 .bss           0x00000000        0x0 .build/startup_stm32f407xx.o
 .data          0x00000000        0x0 .build/osKernelAsm.o
 .bss           0x00000000        0x0 .build/osKernelAsm.o
 .text          0x00000000        0x0 d:/gnu_tools/gnu arm embedded toolchain/10 2021.10/bin/../lib/gcc/arm-none-eabi/10.3.1/../../../../arm-none-eabi/lib/thumb/v7e-m+fp/hard\libc_nano.a(lib_a-exit.o)
 .data          0x00000000        0x0 d:/gnu_tools/gnu arm embedded toolchain/10 2021.10/bin/../lib/gcc/arm-none-eabi/10.3.1/../../../../arm-none-eabi/lib/thumb/v7e-m+fp/hard\libc_nano.a(lib_a-exit.o)
 .bss           0x00000000        0x0 d:/gnu_tools/gnu arm embedded toolchain/10 2021.10/bin/../lib/gcc/arm-none-eabi/10.3.1/../../../../arm-none-eabi/lib/thumb/v7e-m+fp/hard\libc_nano.a(lib_a-exit.o)
 .text.exit     0x00000000       0x28 d:/gnu_tools/gnu arm embedded toolchain/10 2021.10/bin/../lib/gcc/arm-none-eabi/10.3.1/../../../../arm-none-eabi/lib/thumb/v7e-m+fp/hard\libc_nano.a(lib_a-exit.o)
 .debug_frame   0x00000000       0x28 d:/gnu_tools/gnu arm embedded toolchain/10 2021.10/bin/../lib/gcc/arm-none-eabi/10.3.1/../../../../arm-none-eabi/lib/thumb/v7e-m+fp/hard\libc_nano.a(lib_a-exit.o)
 .ARM.attributes
                0x00000000       0x34 d:/gnu_tools/gnu arm embedded toolchain/10 2021.10/bin/../lib/gcc/arm-none-eabi/10.3.1/../../../../arm-none-eabi/lib/thumb/v7e-m+fp/hard\libc_nano.a(lib_a-exit.o)
 .text          0x00000000        0x0 d:/gnu_tools/gnu arm embedded toolchain/10 2021.10/bin/../lib/gcc/arm-none-eabi/10.3.1/../../../../arm-none-eabi/lib/thumb/v7e-m+fp/hard\libc_nano.a(lib_a-impure.o)
 .data          0x00000000        0x0 d:/gnu_tools/gnu arm embedded toolchain/10 2021.10/bin/../lib/gcc/arm-none-eabi/10.3.1/../../../../arm-none-eabi/lib/thumb/v7e-m+fp/hard\libc_nano.a(lib_a-impure.o)
 .bss           0x00000000        0x0 d:/gnu_tools/gnu arm embedded toolchain/10 2021.10/bin/../lib/gcc/arm-none-eabi/10.3.1/../../../../arm-none-eabi/lib/thumb/v7e-m+fp/hard\libc_nano.a(lib_a-impure.o)
 .data._impure_ptr
                0x00000000        0x4 d:/gnu_tools/gnu arm embedded toolchain/10 2021.10/bin/../lib/gcc/arm-none-eabi/10.3.1/../../../../arm-none-eabi/lib/thumb/v7e-m+fp/hard\libc_nano.a(lib_a-impure.o)
 .data.impure_data
                0x00000000       0x60 d:/gnu_tools/gnu arm embedded toolchain/10 2021.10/bin/../lib/gcc/arm-none-eabi/10.3.1/../../../../arm-none-eabi/lib/thumb/v7e-m+fp/hard\libc_nano.a(lib_a-impure.o)
 .rodata._global_impure_ptr
                0x00000000        0x4 d:/gnu_tools/gnu arm embedded toolchain/10 2021.10/bin/../lib/gcc/arm-none-eabi/10.3.1/../../../../arm-none-eabi/lib/thumb/v7e-m+fp/hard\libc_nano.a(lib_a-impure.o)
 .ARM.attributes
                0x00000000       0x34 d:/gnu_tools/gnu arm embedded toolchain/10 2021.10/bin/../lib/gcc/arm-none-eabi/10.3.1/../../../../arm-none-eabi/lib/thumb/v7e-m+fp/hard\libc_nano.a(lib_a-impure.o)
 .text          0x00000000        0x0 d:/gnu_tools/gnu arm embedded toolchain/10 2021.10/bin/../lib/gcc/arm-none-eabi/10.3.1/../../../../arm-none-eabi/lib/thumb/v7e-m+fp/hard\libc_nano.a(lib_a-init.o)
 .data          0x00000000        0x0 d:/gnu_tools/gnu arm embedded toolchain/10 2021.10/bin/../lib/gcc/arm-none-eabi/10.3.1/../../../../arm-none-eabi/lib/thumb/v7e-m+fp/hard\libc_nano.a(lib_a-init.o)
 .bss           0x00000000        0x0 d:/gnu_tools/gnu arm embedded toolchain/10 2021.10/bin/../lib/gcc/arm-none-eabi/10.3.1/../../../../arm-none-eabi/lib/thumb/v7e-m+fp/hard\libc_nano.a(lib_a-init.o)
 .text          0x00000000        0x0 d:/gnu_tools/gnu arm embedded toolchain/10 2021.10/bin/../lib/gcc/arm-none-eabi/10.3.1/../../../../arm-none-eabi/lib/thumb/v7e-m+fp/hard\libc_nano.a(lib_a-memset.o)
 .data          0x00000000        0x0 d:/gnu_tools/gnu arm embedded toolchain/10 2021.10/bin/../lib/gcc/arm-none-eabi/10.3.1/../../../../arm-none-eabi/lib/thumb/v7e-m+fp/hard\libc_nano.a(lib_a-memset.o)
 .bss           0x00000000        0x0 d:/gnu_tools/gnu arm embedded toolchain/10 2021.10/bin/../lib/gcc/arm-none-eabi/10.3.1/../../../../arm-none-eabi/lib/thumb/v7e-m+fp/hard\libc_nano.a(lib_a-memset.o)
 .text.memset   0x00000000       0x10 d:/gnu_tools/gnu arm embedded toolchain/10 2021.10/bin/../lib/gcc/arm-none-eabi/10.3.1/../../../../arm-none-eabi/lib/thumb/v7e-m+fp/hard\libc_nano.a(lib_a-memset.o)
 .debug_frame   0x00000000       0x20 d:/gnu_tools/gnu arm embedded toolchain/10 2021.10/bin/../lib/gcc/arm-none-eabi/10.3.1/../../../../arm-none-eabi/lib/thumb/v7e-m+fp/hard\libc_nano.a(lib_a-memset.o)
 .ARM.attributes
                0x00000000       0x34 d:/gnu_tools/gnu arm embedded toolchain/10 2021.10/bin/../lib/gcc/arm-none-eabi/10.3.1/../../../../arm-none-eabi/lib/thumb/v7e-m+fp/hard\libc_nano.a(lib_a-memset.o)
 .text          0x00000000        0x0 d:/gnu_tools/gnu arm embedded toolchain/10 2021.10/bin/../lib/gcc/arm-none-eabi/10.3.1/../../../../arm-none-eabi/lib/thumb/v7e-m+fp/hard\libnosys.a(_exit.o)
 .data          0x00000000        0x0 d:/gnu_tools/gnu arm embedded toolchain/10 2021.10/bin/../lib/gcc/arm-none-eabi/10.3.1/../../../../arm-none-eabi/lib/thumb/v7e-m+fp/hard\libnosys.a(_exit.o)
 .bss           0x00000000        0x0 d:/gnu_tools/gnu arm embedded toolchain/10 2021.10/bin/../lib/gcc/arm-none-eabi/10.3.1/../../../../arm-none-eabi/lib/thumb/v7e-m+fp/hard\libnosys.a(_exit.o)
 .text._exit    0x00000000        0x4 d:/gnu_tools/gnu arm embedded toolchain/10 2021.10/bin/../lib/gcc/arm-none-eabi/10.3.1/../../../../arm-none-eabi/lib/thumb/v7e-m+fp/hard\libnosys.a(_exit.o)
 .debug_frame   0x00000000       0x20 d:/gnu_tools/gnu arm embedded toolchain/10 2021.10/bin/../lib/gcc/arm-none-eabi/10.3.1/../../../../arm-none-eabi/lib/thumb/v7e-m+fp/hard\libnosys.a(_exit.o)
 .ARM.attributes
                0x00000000       0x34 d:/gnu_tools/gnu arm embedded toolchain/10 2021.10/bin/../lib/gcc/arm-none-eabi/10.3.1/../../../../arm-none-eabi/lib/thumb/v7e-m+fp/hard\libnosys.a(_exit.o)
 .text          0x00000000        0x0 d:/gnu_tools/gnu arm embedded toolchain/10 2021.10/bin/../lib/gcc/arm-none-eabi/10.3.1/thumb/v7e-m+fp/hard/crtend.o
 .data          0x00000000        0x0 d:/gnu_tools/gnu arm embedded toolchain/10 2021.10/bin/../lib/gcc/arm-none-eabi/10.3.1/thumb/v7e-m+fp/hard/crtend.o
 .bss           0x00000000        0x0 d:/gnu_tools/gnu arm embedded toolchain/10 2021.10/bin/../lib/gcc/arm-none-eabi/10.3.1/thumb/v7e-m+fp/hard/crtend.o
 .rodata        0x00000000       0x24 d:/gnu_tools/gnu arm embedded toolchain/10 2021.10/bin/../lib/gcc/arm-none-eabi/10.3.1/thumb/v7e-m+fp/hard/crtend.o
 .eh_frame      0x00000000        0x4 d:/gnu_tools/gnu arm embedded toolchain/10 2021.10/bin/../lib/gcc/arm-none-eabi/10.3.1/thumb/v7e-m+fp/hard/crtend.o
 .ARM.attributes
                0x00000000       0x34 d:/gnu_tools/gnu arm embedded toolchain/10 2021.10/bin/../lib/gcc/arm-none-eabi/10.3.1/thumb/v7e-m+fp/hard/crtend.o
 .text          0x00000000        0x0 d:/gnu_tools/gnu arm embedded toolchain/10 2021.10/bin/../lib/gcc/arm-none-eabi/10.3.1/thumb/v7e-m+fp/hard/crtn.o
 .data          0x00000000        0x0 d:/gnu_tools/gnu arm embedded toolchain/10 2021.10/bin/../lib/gcc/arm-none-eabi/10.3.1/thumb/v7e-m+fp/hard/crtn.o
 .bss           0x00000000        0x0 d:/gnu_tools/gnu arm embedded toolchain/10 2021.10/bin/../lib/gcc/arm-none-eabi/10.3.1/thumb/v7e-m+fp/hard/crtn.o

Memory Configuration

Name             Origin             Length             Attributes
RAM              0x20000000         0x00020000         xrw
CCMRAM           0x10000000         0x00010000         xrw
FLASH            0x08000000         0x00100000         xr
*default*        0x00000000         0xffffffff

Linker script and memory map

LOAD d:/gnu_tools/gnu arm embedded toolchain/10 2021.10/bin/../lib/gcc/arm-none-eabi/10.3.1/thumb/v7e-m+fp/hard/crti.o
LOAD d:/gnu_tools/gnu arm embedded toolchain/10 2021.10/bin/../lib/gcc/arm-none-eabi/10.3.1/thumb/v7e-m+fp/hard/crtbegin.o
LOAD d:/gnu_tools/gnu arm embedded toolchain/10 2021.10/bin/../lib/gcc/arm-none-eabi/10.3.1/../../../../arm-none-eabi/lib/thumb/v7e-m+fp/hard/crt0.o
LOAD .build/main.o
LOAD .build/osKernal.o
LOAD .build/startup_stm32f407xx.o
LOAD .build/osKernelAsm.o
LOAD d:/gnu_tools/gnu arm embedded toolchain/10 2021.10/bin/../lib/gcc/arm-none-eabi/10.3.1/../../../../arm-none-eabi/lib/thumb/v7e-m+fp/hard\libc_nano.a
LOAD d:/gnu_tools/gnu arm embedded toolchain/10 2021.10/bin/../lib/gcc/arm-none-eabi/10.3.1/../../../../arm-none-eabi/lib/thumb/v7e-m+fp/hard\libm.a
LOAD d:/gnu_tools/gnu arm embedded toolchain/10 2021.10/bin/../lib/gcc/arm-none-eabi/10.3.1/../../../../arm-none-eabi/lib/thumb/v7e-m+fp/hard\libnosys.a
START GROUP
LOAD d:/gnu_tools/gnu arm embedded toolchain/10 2021.10/bin/../lib/gcc/arm-none-eabi/10.3.1/thumb/v7e-m+fp/hard\libgcc.a
LOAD d:/gnu_tools/gnu arm embedded toolchain/10 2021.10/bin/../lib/gcc/arm-none-eabi/10.3.1/../../../../arm-none-eabi/lib/thumb/v7e-m+fp/hard\libc_nano.a
END GROUP
START GROUP
LOAD d:/gnu_tools/gnu arm embedded toolchain/10 2021.10/bin/../lib/gcc/arm-none-eabi/10.3.1/thumb/v7e-m+fp/hard\libgcc.a
LOAD d:/gnu_tools/gnu arm embedded toolchain/10 2021.10/bin/../lib/gcc/arm-none-eabi/10.3.1/../../../../arm-none-eabi/lib/thumb/v7e-m+fp/hard\libc_nano.a
END GROUP
LOAD d:/gnu_tools/gnu arm embedded toolchain/10 2021.10/bin/../lib/gcc/arm-none-eabi/10.3.1/thumb/v7e-m+fp/hard/crtend.o
LOAD d:/gnu_tools/gnu arm embedded toolchain/10 2021.10/bin/../lib/gcc/arm-none-eabi/10.3.1/thumb/v7e-m+fp/hard/crtn.o
                0x20020000                _estack = (ORIGIN (RAM) + LENGTH (RAM))

.isr_vector     0x08000000      0x188
                0x08000000                . = ALIGN (0x4)
 *(.isr_vector)
 .isr_vector    0x08000000      0x188 .build/startup_stm32f407xx.o
                0x08000000                g_pfnVectors
                0x08000188                . = ALIGN (0x4)

.text           0x08000188      0x230
                0x08000188                . = ALIGN (0x4)
 *(.text)
 .text          0x08000188       0x48 .build/osKernelAsm.o
                0x08000190                SysTick_Handler
                0x080001ae                nnOsSchedulerLaunch
 *(.text*)
 .text.Task0    0x080001d0       0x10 .build/main.o
                0x080001d0                Task0
 .text.Task2    0x080001e0       0x10 .build/main.o
                0x080001e0                Task2
 .text.Task1    0x080001f0       0x14 .build/main.o
                0x080001f0                Task1
 .text.main     0x08000204       0x24 .build/main.o
                0x08000204                main
 .text.osKernelStackInit
                0x08000228       0x30 .build/osKernal.o
                0x08000228                osKernelStackInit
 .text.osKernelAddThreads
                0x08000258       0x54 .build/osKernal.o
                0x08000258                osKernelAddThreads
 .text.nnOsKernelInit
                0x080002ac       0x10 .build/osKernal.o
                0x080002ac                nnOsKernelInit
 .text.osKernelLaunch
                0x080002bc       0x38 .build/osKernal.o
                0x080002bc                osKernelLaunch
 .text.osThreadYield
                0x080002f4       0x12 .build/osKernal.o
                0x080002f4                osThreadYield
 *fill*         0x08000306        0x2 
 .text.Reset_Handler
                0x08000308       0x4c .build/startup_stm32f407xx.o
                0x08000308                Reset_Handler
 .text.Default_Handler
                0x08000354        0x2 .build/startup_stm32f407xx.o
                0x08000354                RTC_Alarm_IRQHandler
                0x08000354                HASH_RNG_IRQHandler
                0x08000354                EXTI2_IRQHandler
                0x08000354                TIM8_CC_IRQHandler
                0x08000354                DebugMon_Handler
                0x08000354                TIM1_CC_IRQHandler
                0x08000354                DMA2_Stream5_IRQHandler
                0x08000354                HardFault_Handler
                0x08000354                DMA1_Stream5_IRQHandler
                0x08000354                PVD_IRQHandler
                0x08000354                SDIO_IRQHandler
                0x08000354                TAMP_STAMP_IRQHandler
                0x08000354                PendSV_Handler
                0x08000354                NMI_Handler
                0x08000354                CAN2_RX1_IRQHandler
                0x08000354                EXTI3_IRQHandler
                0x08000354                TIM8_TRG_COM_TIM14_IRQHandler
                0x08000354                TIM1_UP_TIM10_IRQHandler
                0x08000354                TIM8_UP_TIM13_IRQHandler
                0x08000354                I2C3_ER_IRQHandler
                0x08000354                EXTI0_IRQHandler
                0x08000354                I2C2_EV_IRQHandler
                0x08000354                DMA1_Stream2_IRQHandler
                0x08000354                CAN1_RX0_IRQHandler
                0x08000354                FPU_IRQHandler
                0x08000354                OTG_HS_WKUP_IRQHandler
                0x08000354                UsageFault_Handler
                0x08000354                CAN2_SCE_IRQHandler
                0x08000354                DMA2_Stream2_IRQHandler
                0x08000354                SPI1_IRQHandler
                0x08000354                TIM6_DAC_IRQHandler
                0x08000354                TIM1_BRK_TIM9_IRQHandler
                0x08000354                DCMI_IRQHandler
                0x08000354                CAN2_RX0_IRQHandler
                0x08000354                DMA2_Stream3_IRQHandler
                0x08000354                USART6_IRQHandler
                0x08000354                USART3_IRQHandler
                0x08000354                CAN1_RX1_IRQHandler
                0x08000354                UART5_IRQHandler
                0x08000354                DMA2_Stream0_IRQHandler
                0x08000354                TIM4_IRQHandler
                0x08000354                I2C1_EV_IRQHandler
                0x08000354                DMA1_Stream6_IRQHandler
                0x08000354                DMA1_Stream1_IRQHandler
                0x08000354                UART4_IRQHandler
                0x08000354                TIM3_IRQHandler
                0x08000354                RCC_IRQHandler
                0x08000354                TIM8_BRK_TIM12_IRQHandler
                0x08000354                Default_Handler
                0x08000354                EXTI15_10_IRQHandler
                0x08000354                ADC_IRQHandler
                0x08000354                DMA1_Stream7_IRQHandler
                0x08000354                TIM7_IRQHandler
                0x08000354                CAN2_TX_IRQHandler
                0x08000354                TIM5_IRQHandler
                0x08000354                DMA2_Stream7_IRQHandler
                0x08000354                I2C3_EV_IRQHandler
                0x08000354                EXTI9_5_IRQHandler
                0x08000354                RTC_WKUP_IRQHandler
                0x08000354                ETH_WKUP_IRQHandler
                0x08000354                SPI2_IRQHandler
                0x08000354                OTG_HS_EP1_IN_IRQHandler
                0x08000354                MemManage_Handler
                0x08000354                DMA1_Stream0_IRQHandler
                0x08000354                CAN1_TX_IRQHandler
                0x08000354                SVC_Handler
                0x08000354                EXTI4_IRQHandler
                0x08000354                FSMC_IRQHandler
                0x08000354                ETH_IRQHandler
                0x08000354                OTG_HS_EP1_OUT_IRQHandler
                0x08000354                WWDG_IRQHandler
                0x08000354                TIM2_IRQHandler
                0x08000354                OTG_FS_WKUP_IRQHandler
                0x08000354                TIM1_TRG_COM_TIM11_IRQHandler
                0x08000354                OTG_HS_IRQHandler
                0x08000354                EXTI1_IRQHandler
                0x08000354                USART2_IRQHandler
                0x08000354                I2C2_ER_IRQHandler
                0x08000354                DMA2_Stream1_IRQHandler
                0x08000354                CAN1_SCE_IRQHandler
                0x08000354                FLASH_IRQHandler
                0x08000354                DMA2_Stream4_IRQHandler
                0x08000354                BusFault_Handler
                0x08000354                USART1_IRQHandler
                0x08000354                OTG_FS_IRQHandler
                0x08000354                SPI3_IRQHandler
                0x08000354                DMA1_Stream4_IRQHandler
                0x08000354                I2C1_ER_IRQHandler
                0x08000354                DMA2_Stream6_IRQHandler
                0x08000354                DMA1_Stream3_IRQHandler
 *fill*         0x08000356        0x2 
 .text.__libc_init_array
                0x08000358       0x48 d:/gnu_tools/gnu arm embedded toolchain/10 2021.10/bin/../lib/gcc/arm-none-eabi/10.3.1/../../../../arm-none-eabi/lib/thumb/v7e-m+fp/hard\libc_nano.a(lib_a-init.o)
                0x08000358                __libc_init_array
 *(.glue_7)
 .glue_7        0x080003a0        0x0 linker stubs
 *(.glue_7t)
 .glue_7t       0x080003a0        0x0 linker stubs
 *(.eh_frame)
 *(.init)
 .init          0x080003a0        0x4 d:/gnu_tools/gnu arm embedded toolchain/10 2021.10/bin/../lib/gcc/arm-none-eabi/10.3.1/thumb/v7e-m+fp/hard/crti.o
                0x080003a0                _init
 .init          0x080003a4        0x8 d:/gnu_tools/gnu arm embedded toolchain/10 2021.10/bin/../lib/gcc/arm-none-eabi/10.3.1/thumb/v7e-m+fp/hard/crtn.o
 *(.fini)
 .fini          0x080003ac        0x4 d:/gnu_tools/gnu arm embedded toolchain/10 2021.10/bin/../lib/gcc/arm-none-eabi/10.3.1/thumb/v7e-m+fp/hard/crti.o
                0x080003ac                _fini
 .fini          0x080003b0        0x8 d:/gnu_tools/gnu arm embedded toolchain/10 2021.10/bin/../lib/gcc/arm-none-eabi/10.3.1/thumb/v7e-m+fp/hard/crtn.o
                0x080003b8                . = ALIGN (0x4)
                0x080003b8                _etext = .

.vfp11_veneer   0x080003b8        0x0
 .vfp11_veneer  0x080003b8        0x0 linker stubs

.v4_bx          0x080003b8        0x0
 .v4_bx         0x080003b8        0x0 linker stubs

.iplt           0x080003b8        0x0
 .iplt          0x080003b8        0x0 .build/main.o

.rel.dyn        0x080003b8        0x0
 .rel.iplt      0x080003b8        0x0 .build/main.o

.rodata         0x080003b8        0x0
                0x080003b8                . = ALIGN (0x4)
 *(.rodata)
 *(.rodata*)
                0x080003b8                . = ALIGN (0x4)
                0x080003b8                _sidata = LOADADDR (.data)

.data           0x20000000        0x0 load address 0x080003b8
                0x20000000                . = ALIGN (0x4)
                0x20000000                _sdata = .
 *(.data)
 *(.data*)
                0x20000000                . = ALIGN (0x4)
                0x20000000                _edata = .

.igot.plt       0x20000000        0x0 load address 0x080003b8
 .igot.plt      0x20000000        0x0 .build/main.o
                0x20000000                . = ALIGN (0x4)

.bss            0x20000000      0x4dc load address 0x080003b8
                0x20000000                _sbss = .
                0x20000000                __bss_start__ = _sbss
 *(.bss)
 *(.bss*)
 .bss.count0    0x20000000        0x4 .build/main.o
                0x20000000                count0
 .bss.count1    0x20000004        0x4 .build/main.o
                0x20000004                count1
 .bss.count2    0x20000008        0x4 .build/main.o
                0x20000008                count2
 .bss.MILLIS_PRESCALER
                0x2000000c        0x4 .build/osKernal.o
                0x2000000c                MILLIS_PRESCALER
 .bss.TCB_STACK
                0x20000010      0x4b0 .build/osKernal.o
                0x20000010                TCB_STACK
 .bss.currentPt
                0x200004c0        0x4 .build/osKernal.o
                0x200004c0                currentPt
 .bss.tcbs      0x200004c4       0x18 .build/osKernal.o
                0x200004c4                tcbs
 *(COMMON)
                0x200004dc                . = ALIGN (0x4)
                0x200004dc                _ebss = .
                0x200004dc                __bss_end__ = _ebss

/DISCARD/
 libc.a(*)
 libm.a(*)
 libgcc.a(*)

.ARM.attributes
                0x00000000       0x30
 *(.ARM.attributes)
 .ARM.attributes
                0x00000000       0x1e d:/gnu_tools/gnu arm embedded toolchain/10 2021.10/bin/../lib/gcc/arm-none-eabi/10.3.1/thumb/v7e-m+fp/hard/crti.o
 .ARM.attributes
                0x0000001e       0x34 .build/main.o
 .ARM.attributes
                0x00000052       0x34 .build/osKernal.o
 .ARM.attributes
                0x00000086       0x21 .build/startup_stm32f407xx.o
 .ARM.attributes
                0x000000a7       0x25 .build/osKernelAsm.o
 .ARM.attributes
                0x000000cc       0x34 d:/gnu_tools/gnu arm embedded toolchain/10 2021.10/bin/../lib/gcc/arm-none-eabi/10.3.1/../../../../arm-none-eabi/lib/thumb/v7e-m+fp/hard\libc_nano.a(lib_a-init.o)
 .ARM.attributes
                0x00000100       0x1e d:/gnu_tools/gnu arm embedded toolchain/10 2021.10/bin/../lib/gcc/arm-none-eabi/10.3.1/thumb/v7e-m+fp/hard/crtn.o
OUTPUT(.build/CortexM4rtos_Vtut.elf elf32-littlearm)
LOAD linker stubs
LOAD d:/gnu_tools/gnu arm embedded toolchain/10 2021.10/bin/../lib/gcc/arm-none-eabi/10.3.1/../../../../arm-none-eabi/lib/thumb/v7e-m+fp/hard\libc.a
LOAD d:/gnu_tools/gnu arm embedded toolchain/10 2021.10/bin/../lib/gcc/arm-none-eabi/10.3.1/../../../../arm-none-eabi/lib/thumb/v7e-m+fp/hard\libm.a
LOAD d:/gnu_tools/gnu arm embedded toolchain/10 2021.10/bin/../lib/gcc/arm-none-eabi/10.3.1/thumb/v7e-m+fp/hard\libgcc.a

.debug_info     0x00000000      0x4f7
 .debug_info    0x00000000      0x1ab .build/main.o
 .debug_info    0x000001ab      0x304 .build/osKernal.o
 .debug_info    0x000004af       0x22 .build/startup_stm32f407xx.o
 .debug_info    0x000004d1       0x26 .build/osKernelAsm.o

.debug_abbrev   0x00000000      0x287
 .debug_abbrev  0x00000000       0xe5 .build/main.o
 .debug_abbrev  0x000000e5      0x17c .build/osKernal.o
 .debug_abbrev  0x00000261       0x12 .build/startup_stm32f407xx.o
 .debug_abbrev  0x00000273       0x14 .build/osKernelAsm.o

.debug_loc      0x00000000      0x168
 .debug_loc     0x00000000       0x40 .build/main.o
 .debug_loc     0x00000040      0x128 .build/osKernal.o

.debug_aranges  0x00000000       0xc0
 .debug_aranges
                0x00000000       0x38 .build/main.o
 .debug_aranges
                0x00000038       0x40 .build/osKernal.o
 .debug_aranges
                0x00000078       0x28 .build/startup_stm32f407xx.o
 .debug_aranges
                0x000000a0       0x20 .build/osKernelAsm.o

.debug_ranges   0x00000000       0x78
 .debug_ranges  0x00000000       0x28 .build/main.o
 .debug_ranges  0x00000028       0x30 .build/osKernal.o
 .debug_ranges  0x00000058       0x20 .build/startup_stm32f407xx.o

.debug_line     0x00000000      0x480
 .debug_line    0x00000000      0x1ad .build/main.o
 .debug_line    0x000001ad      0x209 .build/osKernal.o
 .debug_line    0x000003b6       0x75 .build/startup_stm32f407xx.o
 .debug_line    0x0000042b       0x55 .build/osKernelAsm.o

.debug_str      0x00000000      0x289
 .debug_str     0x00000000      0x19b .build/main.o
                                0x1d8 (size before relaxing)
 .debug_str     0x0000019b       0xbc .build/osKernal.o
                                0x271 (size before relaxing)
 .debug_str     0x00000257       0x24 .build/startup_stm32f407xx.o
                                 0x4d (size before relaxing)
 .debug_str     0x0000027b        0xe .build/osKernelAsm.o
                                 0x45 (size before relaxing)

.comment        0x00000000       0x49
 .comment       0x00000000       0x49 .build/main.o
                                 0x4a (size before relaxing)
 .comment       0x00000049       0x4a .build/osKernal.o

.debug_frame    0x00000000      0x110
 .debug_frame   0x00000000       0x60 .build/main.o
 .debug_frame   0x00000060       0x84 .build/osKernal.o
 .debug_frame   0x000000e4       0x2c d:/gnu_tools/gnu arm embedded toolchain/10 2021.10/bin/../lib/gcc/arm-none-eabi/10.3.1/../../../../arm-none-eabi/lib/thumb/v7e-m+fp/hard\libc_nano.a(lib_a-init.o)

Cross Reference Table

Symbol                                            File
ADC_IRQHandler                                    .build/startup_stm32f407xx.o
BusFault_Handler                                  .build/startup_stm32f407xx.o
CAN1_RX0_IRQHandler                               .build/startup_stm32f407xx.o
CAN1_RX1_IRQHandler                               .build/startup_stm32f407xx.o
CAN1_SCE_IRQHandler                               .build/startup_stm32f407xx.o
CAN1_TX_IRQHandler                                .build/startup_stm32f407xx.o
CAN2_RX0_IRQHandler                               .build/startup_stm32f407xx.o
CAN2_RX1_IRQHandler                               .build/startup_stm32f407xx.o
CAN2_SCE_IRQHandler                               .build/startup_stm32f407xx.o
CAN2_TX_IRQHandler                                .build/startup_stm32f407xx.o
DCMI_IRQHandler                                   .build/startup_stm32f407xx.o
DMA1_Stream0_IRQHandler                           .build/startup_stm32f407xx.o
DMA1_Stream1_IRQHandler                           .build/startup_stm32f407xx.o
DMA1_Stream2_IRQHandler                           .build/startup_stm32f407xx.o
DMA1_Stream3_IRQHandler                           .build/startup_stm32f407xx.o
DMA1_Stream4_IRQHandler                           .build/startup_stm32f407xx.o
DMA1_Stream5_IRQHandler                           .build/startup_stm32f407xx.o
DMA1_Stream6_IRQHandler                           .build/startup_stm32f407xx.o
DMA1_Stream7_IRQHandler                           .build/startup_stm32f407xx.o
DMA2_Stream0_IRQHandler                           .build/startup_stm32f407xx.o
DMA2_Stream1_IRQHandler                           .build/startup_stm32f407xx.o
DMA2_Stream2_IRQHandler                           .build/startup_stm32f407xx.o
DMA2_Stream3_IRQHandler                           .build/startup_stm32f407xx.o
DMA2_Stream4_IRQHandler                           .build/startup_stm32f407xx.o
DMA2_Stream5_IRQHandler                           .build/startup_stm32f407xx.o
DMA2_Stream6_IRQHandler                           .build/startup_stm32f407xx.o
DMA2_Stream7_IRQHandler                           .build/startup_stm32f407xx.o
DebugMon_Handler                                  .build/startup_stm32f407xx.o
Default_Handler                                   .build/startup_stm32f407xx.o
ETH_IRQHandler                                    .build/startup_stm32f407xx.o
ETH_WKUP_IRQHandler                               .build/startup_stm32f407xx.o
EXTI0_IRQHandler                                  .build/startup_stm32f407xx.o
EXTI15_10_IRQHandler                              .build/startup_stm32f407xx.o
EXTI1_IRQHandler                                  .build/startup_stm32f407xx.o
EXTI2_IRQHandler                                  .build/startup_stm32f407xx.o
EXTI3_IRQHandler                                  .build/startup_stm32f407xx.o
EXTI4_IRQHandler                                  .build/startup_stm32f407xx.o
EXTI9_5_IRQHandler                                .build/startup_stm32f407xx.o
FLASH_IRQHandler                                  .build/startup_stm32f407xx.o
FPU_IRQHandler                                    .build/startup_stm32f407xx.o
FSMC_IRQHandler                                   .build/startup_stm32f407xx.o
HASH_RNG_IRQHandler                               .build/startup_stm32f407xx.o
HardFault_Handler                                 .build/startup_stm32f407xx.o
I2C1_ER_IRQHandler                                .build/startup_stm32f407xx.o
I2C1_EV_IRQHandler                                .build/startup_stm32f407xx.o
I2C2_ER_IRQHandler                                .build/startup_stm32f407xx.o
I2C2_EV_IRQHandler                                .build/startup_stm32f407xx.o
I2C3_ER_IRQHandler                                .build/startup_stm32f407xx.o
I2C3_EV_IRQHandler                                .build/startup_stm32f407xx.o
MILLIS_PRESCALER                                  .build/osKernal.o
MemManage_Handler                                 .build/startup_stm32f407xx.o
NMI_Handler                                       .build/startup_stm32f407xx.o
OTG_FS_IRQHandler                                 .build/startup_stm32f407xx.o
OTG_FS_WKUP_IRQHandler                            .build/startup_stm32f407xx.o
OTG_HS_EP1_IN_IRQHandler                          .build/startup_stm32f407xx.o
OTG_HS_EP1_OUT_IRQHandler                         .build/startup_stm32f407xx.o
OTG_HS_IRQHandler                                 .build/startup_stm32f407xx.o
OTG_HS_WKUP_IRQHandler                            .build/startup_stm32f407xx.o
PVD_IRQHandler                                    .build/startup_stm32f407xx.o
PendSV_Handler                                    .build/startup_stm32f407xx.o
RCC_IRQHandler                                    .build/startup_stm32f407xx.o
RTC_Alarm_IRQHandler                              .build/startup_stm32f407xx.o
RTC_WKUP_IRQHandler                               .build/startup_stm32f407xx.o
Reset_Handler                                     .build/startup_stm32f407xx.o
SDIO_IRQHandler                                   .build/startup_stm32f407xx.o
SPI1_IRQHandler                                   .build/startup_stm32f407xx.o
SPI2_IRQHandler                                   .build/startup_stm32f407xx.o
SPI3_IRQHandler                                   .build/startup_stm32f407xx.o
SVC_Handler                                       .build/startup_stm32f407xx.o
SysTick_Handler                                   .build/osKernelAsm.o
                                                  .build/startup_stm32f407xx.o
TAMP_STAMP_IRQHandler                             .build/startup_stm32f407xx.o
TCB_STACK                                         .build/osKernal.o
TIM1_BRK_TIM9_IRQHandler                          .build/startup_stm32f407xx.o
TIM1_CC_IRQHandler                                .build/startup_stm32f407xx.o
TIM1_TRG_COM_TIM11_IRQHandler                     .build/startup_stm32f407xx.o
TIM1_UP_TIM10_IRQHandler                          .build/startup_stm32f407xx.o
TIM2_IRQHandler                                   .build/startup_stm32f407xx.o
TIM3_IRQHandler                                   .build/startup_stm32f407xx.o
TIM4_IRQHandler                                   .build/startup_stm32f407xx.o
TIM5_IRQHandler                                   .build/startup_stm32f407xx.o
TIM6_DAC_IRQHandler                               .build/startup_stm32f407xx.o
TIM7_IRQHandler                                   .build/startup_stm32f407xx.o
TIM8_BRK_TIM12_IRQHandler                         .build/startup_stm32f407xx.o
TIM8_CC_IRQHandler                                .build/startup_stm32f407xx.o
TIM8_TRG_COM_TIM14_IRQHandler                     .build/startup_stm32f407xx.o
TIM8_UP_TIM13_IRQHandler                          .build/startup_stm32f407xx.o
Task0                                             .build/main.o
Task1                                             .build/main.o
Task2                                             .build/main.o
UART4_IRQHandler                                  .build/startup_stm32f407xx.o
UART5_IRQHandler                                  .build/startup_stm32f407xx.o
USART1_IRQHandler                                 .build/startup_stm32f407xx.o
USART2_IRQHandler                                 .build/startup_stm32f407xx.o
USART3_IRQHandler                                 .build/startup_stm32f407xx.o
USART6_IRQHandler                                 .build/startup_stm32f407xx.o
UsageFault_Handler                                .build/startup_stm32f407xx.o
WWDG_IRQHandler                                   .build/startup_stm32f407xx.o
__bss_end__                                       d:/gnu_tools/gnu arm embedded toolchain/10 2021.10/bin/../lib/gcc/arm-none-eabi/10.3.1/../../../../arm-none-eabi/lib/thumb/v7e-m+fp/hard/crt0.o
__bss_start__                                     d:/gnu_tools/gnu arm embedded toolchain/10 2021.10/bin/../lib/gcc/arm-none-eabi/10.3.1/../../../../arm-none-eabi/lib/thumb/v7e-m+fp/hard/crt0.o
__call_exitprocs                                  d:/gnu_tools/gnu arm embedded toolchain/10 2021.10/bin/../lib/gcc/arm-none-eabi/10.3.1/../../../../arm-none-eabi/lib/thumb/v7e-m+fp/hard\libc_nano.a(lib_a-exit.o)
__deregister_frame_info                           d:/gnu_tools/gnu arm embedded toolchain/10 2021.10/bin/../lib/gcc/arm-none-eabi/10.3.1/thumb/v7e-m+fp/hard/crtbegin.o
__dso_handle                                      d:/gnu_tools/gnu arm embedded toolchain/10 2021.10/bin/../lib/gcc/arm-none-eabi/10.3.1/thumb/v7e-m+fp/hard/crtbegin.o
__init_array_end                                  d:/gnu_tools/gnu arm embedded toolchain/10 2021.10/bin/../lib/gcc/arm-none-eabi/10.3.1/../../../../arm-none-eabi/lib/thumb/v7e-m+fp/hard\libc_nano.a(lib_a-init.o)
__init_array_start                                d:/gnu_tools/gnu arm embedded toolchain/10 2021.10/bin/../lib/gcc/arm-none-eabi/10.3.1/../../../../arm-none-eabi/lib/thumb/v7e-m+fp/hard\libc_nano.a(lib_a-init.o)
__libc_fini_array                                 d:/gnu_tools/gnu arm embedded toolchain/10 2021.10/bin/../lib/gcc/arm-none-eabi/10.3.1/../../../../arm-none-eabi/lib/thumb/v7e-m+fp/hard/crt0.o
__libc_init_array                                 d:/gnu_tools/gnu arm embedded toolchain/10 2021.10/bin/../lib/gcc/arm-none-eabi/10.3.1/../../../../arm-none-eabi/lib/thumb/v7e-m+fp/hard\libc_nano.a(lib_a-init.o)
                                                  .build/startup_stm32f407xx.o
                                                  d:/gnu_tools/gnu arm embedded toolchain/10 2021.10/bin/../lib/gcc/arm-none-eabi/10.3.1/../../../../arm-none-eabi/lib/thumb/v7e-m+fp/hard/crt0.o
__preinit_array_end                               d:/gnu_tools/gnu arm embedded toolchain/10 2021.10/bin/../lib/gcc/arm-none-eabi/10.3.1/../../../../arm-none-eabi/lib/thumb/v7e-m+fp/hard\libc_nano.a(lib_a-init.o)
__preinit_array_start                             d:/gnu_tools/gnu arm embedded toolchain/10 2021.10/bin/../lib/gcc/arm-none-eabi/10.3.1/../../../../arm-none-eabi/lib/thumb/v7e-m+fp/hard\libc_nano.a(lib_a-init.o)
__register_frame_info                             d:/gnu_tools/gnu arm embedded toolchain/10 2021.10/bin/../lib/gcc/arm-none-eabi/10.3.1/thumb/v7e-m+fp/hard/crtbegin.o
__sf_fake_stderr                                  d:/gnu_tools/gnu arm embedded toolchain/10 2021.10/bin/../lib/gcc/arm-none-eabi/10.3.1/../../../../arm-none-eabi/lib/thumb/v7e-m+fp/hard\libc_nano.a(lib_a-impure.o)
__sf_fake_stdin                                   d:/gnu_tools/gnu arm embedded toolchain/10 2021.10/bin/../lib/gcc/arm-none-eabi/10.3.1/../../../../arm-none-eabi/lib/thumb/v7e-m+fp/hard\libc_nano.a(lib_a-impure.o)
__sf_fake_stdout                                  d:/gnu_tools/gnu arm embedded toolchain/10 2021.10/bin/../lib/gcc/arm-none-eabi/10.3.1/../../../../arm-none-eabi/lib/thumb/v7e-m+fp/hard\libc_nano.a(lib_a-impure.o)
__stack                                           d:/gnu_tools/gnu arm embedded toolchain/10 2021.10/bin/../lib/gcc/arm-none-eabi/10.3.1/../../../../arm-none-eabi/lib/thumb/v7e-m+fp/hard/crt0.o
_ebss                                             .build/startup_stm32f407xx.o
_edata                                            .build/startup_stm32f407xx.o
_estack                                           .build/startup_stm32f407xx.o
_exit                                             d:/gnu_tools/gnu arm embedded toolchain/10 2021.10/bin/../lib/gcc/arm-none-eabi/10.3.1/../../../../arm-none-eabi/lib/thumb/v7e-m+fp/hard\libnosys.a(_exit.o)
                                                  d:/gnu_tools/gnu arm embedded toolchain/10 2021.10/bin/../lib/gcc/arm-none-eabi/10.3.1/../../../../arm-none-eabi/lib/thumb/v7e-m+fp/hard\libc_nano.a(lib_a-exit.o)
_fini                                             d:/gnu_tools/gnu arm embedded toolchain/10 2021.10/bin/../lib/gcc/arm-none-eabi/10.3.1/thumb/v7e-m+fp/hard/crti.o
_global_impure_ptr                                d:/gnu_tools/gnu arm embedded toolchain/10 2021.10/bin/../lib/gcc/arm-none-eabi/10.3.1/../../../../arm-none-eabi/lib/thumb/v7e-m+fp/hard\libc_nano.a(lib_a-impure.o)
                                                  d:/gnu_tools/gnu arm embedded toolchain/10 2021.10/bin/../lib/gcc/arm-none-eabi/10.3.1/../../../../arm-none-eabi/lib/thumb/v7e-m+fp/hard\libc_nano.a(lib_a-exit.o)
_impure_ptr                                       d:/gnu_tools/gnu arm embedded toolchain/10 2021.10/bin/../lib/gcc/arm-none-eabi/10.3.1/../../../../arm-none-eabi/lib/thumb/v7e-m+fp/hard\libc_nano.a(lib_a-impure.o)
_init                                             d:/gnu_tools/gnu arm embedded toolchain/10 2021.10/bin/../lib/gcc/arm-none-eabi/10.3.1/thumb/v7e-m+fp/hard/crti.o
                                                  d:/gnu_tools/gnu arm embedded toolchain/10 2021.10/bin/../lib/gcc/arm-none-eabi/10.3.1/../../../../arm-none-eabi/lib/thumb/v7e-m+fp/hard\libc_nano.a(lib_a-init.o)
_mainCRTStartup                                   d:/gnu_tools/gnu arm embedded toolchain/10 2021.10/bin/../lib/gcc/arm-none-eabi/10.3.1/../../../../arm-none-eabi/lib/thumb/v7e-m+fp/hard/crt0.o
_sbss                                             .build/startup_stm32f407xx.o
_sdata                                            .build/startup_stm32f407xx.o
_sidata                                           .build/startup_stm32f407xx.o
_stack_init                                       d:/gnu_tools/gnu arm embedded toolchain/10 2021.10/bin/../lib/gcc/arm-none-eabi/10.3.1/../../../../arm-none-eabi/lib/thumb/v7e-m+fp/hard/crt0.o
_start                                            d:/gnu_tools/gnu arm embedded toolchain/10 2021.10/bin/../lib/gcc/arm-none-eabi/10.3.1/../../../../arm-none-eabi/lib/thumb/v7e-m+fp/hard/crt0.o
atexit                                            d:/gnu_tools/gnu arm embedded toolchain/10 2021.10/bin/../lib/gcc/arm-none-eabi/10.3.1/../../../../arm-none-eabi/lib/thumb/v7e-m+fp/hard/crt0.o
count0                                            .build/main.o
count1                                            .build/main.o
count2                                            .build/main.o
currentPt                                         .build/osKernal.o
                                                  .build/osKernelAsm.o
exit                                              d:/gnu_tools/gnu arm embedded toolchain/10 2021.10/bin/../lib/gcc/arm-none-eabi/10.3.1/../../../../arm-none-eabi/lib/thumb/v7e-m+fp/hard\libc_nano.a(lib_a-exit.o)
                                                  d:/gnu_tools/gnu arm embedded toolchain/10 2021.10/bin/../lib/gcc/arm-none-eabi/10.3.1/../../../../arm-none-eabi/lib/thumb/v7e-m+fp/hard/crt0.o
g_pfnVectors                                      .build/startup_stm32f407xx.o
hardware_init_hook                                d:/gnu_tools/gnu arm embedded toolchain/10 2021.10/bin/../lib/gcc/arm-none-eabi/10.3.1/../../../../arm-none-eabi/lib/thumb/v7e-m+fp/hard/crt0.o
main                                              .build/main.o
                                                  .build/startup_stm32f407xx.o
                                                  d:/gnu_tools/gnu arm embedded toolchain/10 2021.10/bin/../lib/gcc/arm-none-eabi/10.3.1/../../../../arm-none-eabi/lib/thumb/v7e-m+fp/hard/crt0.o
memset                                            d:/gnu_tools/gnu arm embedded toolchain/10 2021.10/bin/../lib/gcc/arm-none-eabi/10.3.1/../../../../arm-none-eabi/lib/thumb/v7e-m+fp/hard\libc_nano.a(lib_a-memset.o)
                                                  d:/gnu_tools/gnu arm embedded toolchain/10 2021.10/bin/../lib/gcc/arm-none-eabi/10.3.1/../../../../arm-none-eabi/lib/thumb/v7e-m+fp/hard/crt0.o
nnOsKernelInit                                    .build/osKernal.o
                                                  .build/main.o
nnOsSchedulerLaunch                               .build/osKernelAsm.o
                                                  .build/osKernal.o
osKernelAddThreads                                .build/osKernal.o
                                                  .build/main.o
osKernelLaunch                                    .build/osKernal.o
                                                  .build/main.o
osKernelStackInit                                 .build/osKernal.o
osThreadYield                                     .build/osKernal.o
                                                  .build/main.o
software_init_hook                                d:/gnu_tools/gnu arm embedded toolchain/10 2021.10/bin/../lib/gcc/arm-none-eabi/10.3.1/../../../../arm-none-eabi/lib/thumb/v7e-m+fp/hard/crt0.o
tcbs                                              .build/osKernal.o
